<StyledLayerDescriptor version="1.1.0" xsi:schemaLocation="http://www.opengis.net/sld http://schemas.opengis.net/sld/1.1.0/StyledLayerDescriptor.xsd" xmlns="http://www.opengis.net/sld" xmlns:ogc="http://www.opengis.net/ogc" xmlns:se="http://www.opengis.net/se" xmlns:xlink="http://www.w3.org/1999/xlink" xmlns:xsi="http://www.w3.org/2001/XMLSchema-instance">
<NamedLayer>
<se:Name>Test2</se:Name>
<UserStyle>
<se:FeatureTypeStyle>
<se:Rule>
<se:TextSymbolizer>
<se:Label>
tostring([FID],"%d")</se:Label>
<se:LabelPlacement>
<se:PointPlacement>
<se:AnchorPoint>
<se:AnchorPointX>0.5</se:AnchorPointX>
<se:AnchorPointY>0.5</se:AnchorPointY>
</se:AnchorPoint>
</se:PointPlacement>
</se:LabelPlacement>
<se:Fill>
<se:SvgParameter name="fill">#000000</se:SvgParameter>
</se:Fill>
</se:TextSymbolizer>
</se:Rule>
</se:FeatureTypeStyle>
</UserStyle>
</NamedLayer>
</StyledLayerDescriptor>

